
        Resource               Remaining               Meter            Resets in
  ---------------------   -------------------   --------------------   ----------
  graphql                     3517/5000   70%   ██████████████░░░░░░      15m 50s
  core                        4500/5000   90%   ██████████████████░░      15m 22s
  copilot_usage_records       5000/5000  100%   ████████████████████      60m 00s

